NAME "SEI_CO2"
INDEX 1
SUBSTANCE 26
FORMULA x2==1?((0.8*x3/(x4*0.94)^3*(x1>x4?x4:x1)^3)*x5*x6+x7*x8*x9*x10)/3600:(x2==2?x11+x12:(x2==3?x13:0))
VAR.1 V
TYPE.1 TS
VAR.2 status
TYPE.2 TS
VAR.3 P_ME_inst
TYPE.3 CONST
VAR.4 Vmax
TYPE.4 CONST
VAR.5 EF_ME_CO2
TYPE.5 CONST
VAR.6 SFC_ME
TYPE.6 CONST
VAR.7 P_AE_inst
TYPE.7 CONST
VAR.8 AE_usage_cruise
TYPE.8 CONST
VAR.9 EF_AE_CO2
TYPE.9 CONST
VAR.10 SFC_AE
TYPE.10 CONST
VAR.11 em_CO2_ME_man
TYPE.11 CONST
VAR.12 em_CO2_AE_man
TYPE.12 CONST
VAR.13 em_CO2_hotel
TYPE.13 CONST

NAME "SEI_CO"
INDEX 2
SUBSTANCE 25
FORMULA x2==1?((0.8*x3/(x4*0.94)^3*(x1>x4?x4:x1)^3)*(x5*(0.8*x3/(x4*0.94)^3*(x1>x4?x4:x1)^3)/x3*100+x6)+(x7*x8*100+x9)*x10*x8)/3600:(x2==2?x11+x12:(x2==3?x13:0))
VAR.1 V
TYPE.1 TS
VAR.2 status
TYPE.2 TS
VAR.3 P_ME_inst
TYPE.3 CONST
VAR.4 Vmax
TYPE.4 CONST
VAR.5 k_CO_ME
TYPE.5 CONST
VAR.6 m_CO_ME
TYPE.6 CONST
VAR.7 k_CO_AE
TYPE.7 CONST
VAR.8 AE_usage_cruise
TYPE.8 CONST
VAR.9 m_CO_AE
TYPE.9 CONST
VAR.10 P_AE_inst
TYPE.10 CONST
VAR.11 em_CO_ME_man
TYPE.11 CONST
VAR.12 em_CO_AE_man
TYPE.12 CONST
VAR.13 em_CO_hotel
TYPE.13 CONST

NAME "SEI_TSP"
INDEX 3
SUBSTANCE 39
FORMULA x2==1?((0.8*x3/(x4*0.94)^3*(x1>x4?x4:x1)^3)*x5+x6*x7*x8)/3600:(x2==2?x9+x10:(x2==3?x11:0))
VAR.1 V
TYPE.1 TS
VAR.2 status
TYPE.2 TS
VAR.3 P_ME_inst
TYPE.3 CONST
VAR.4 Vmax
TYPE.4 CONST
VAR.5 EF_ME_TSP
TYPE.5 CONST
VAR.6 P_AE_inst
TYPE.6 CONST
VAR.7 AE_usage_cruise
TYPE.7 CONST
VAR.8 EF_AE_TSP
TYPE.8 CONST
VAR.9 em_TSP_ME_man
TYPE.9 CONST
VAR.10 em_TSP_AE_man
TYPE.10 CONST
VAR.11 em_TSP_hotel
TYPE.11 CONST

NAME "SEI_PM10"
INDEX 4
SUBSTANCE 40
FORMULA x2==1?((0.8*x3/(x4*0.94)^3*(x1>x4?x4:x1)^3)*x5+x6*x7*x8)/3600:(x2==2?x9+x10:(x2==3?x11:0))
VAR.1 V
TYPE.1 TS
VAR.2 status
TYPE.2 TS
VAR.3 P_ME_inst
TYPE.3 CONST
VAR.4 Vmax
TYPE.4 CONST
VAR.5 EF_ME_PM10
TYPE.5 CONST
VAR.6 P_AE_inst
TYPE.6 CONST
VAR.7 AE_usage_cruise
TYPE.7 CONST
VAR.8 EF_AE_PM10
TYPE.8 CONST
VAR.9 em_PM10_ME_man
TYPE.9 CONST
VAR.10 em_PM10_AE_man
TYPE.10 CONST
VAR.11 em_PM10_hotel
TYPE.11 CONST

NAME "SEI_PM2.5"
INDEX 5
SUBSTANCE 41
FORMULA x2==1?((0.8*x3/(x4*0.94)^3*(x1>x4?x4:x1)^3)*x5+x6*x7*x8)/3600:(x2==2?x9+x10:(x2==3?x11:0))
VAR.1 V
TYPE.1 TS
VAR.2 status
TYPE.2 TS
VAR.3 P_ME_inst
TYPE.3 CONST
VAR.4 Vmax
TYPE.4 CONST
VAR.5 EF_ME_PM25
TYPE.5 CONST
VAR.6 P_AE_inst
TYPE.6 CONST
VAR.7 AE_usage_cruise
TYPE.7 CONST
VAR.8 EF_AE_PM25
TYPE.8 CONST
VAR.9 em_PM25_ME_man
TYPE.9 CONST
VAR.10 em_PM25_AE_man
TYPE.10 CONST
VAR.11 em_PM25_hotel
TYPE.11 CONST

NAME "SEI_NOx"
INDEX 6
SUBSTANCE 3
FORMULA x2==1?((0.8*x3/(x4*0.94)^3*(x1>x4?x4:x1)^3)*x5+x6*x7*x8)/3600:(x2==2?x9+x10:(x2==3?x11:0))
VAR.1 V
TYPE.1 TS
VAR.2 status
TYPE.2 TS
VAR.3 P_ME_inst
TYPE.3 CONST
VAR.4 Vmax
TYPE.4 CONST
VAR.5 EF_ME_NOx
TYPE.5 CONST
VAR.6 P_AE_inst
TYPE.6 CONST
VAR.7 AE_usage_cruise
TYPE.7 CONST
VAR.8 EF_AE_NOx
TYPE.8 CONST
VAR.9 em_NOx_ME_man
TYPE.9 CONST
VAR.10 em_NOx_AE_man
TYPE.10 CONST
VAR.11 em_NOx_hotel
TYPE.11 CONST

NAME "SEI_SOx"
INDEX 7
SUBSTANCE 14
FORMULA x2==1?((0.8*x3/(x4*0.94)^3*(x1>x4?x4:x1)^3)*x5+x6*x7*x8)/3600:(x2==2?x9+x10:(x2==3?x11:0))
VAR.1 V
TYPE.1 TS
VAR.2 status
TYPE.2 TS
VAR.3 P_ME_inst
TYPE.3 CONST
VAR.4 Vmax
TYPE.4 CONST
VAR.5 EF_ME_SO2
TYPE.5 CONST
VAR.6 P_AE_inst
TYPE.6 CONST
VAR.7 AE_usage_cruise
TYPE.7 CONST
VAR.8 EF_AE_SO2
TYPE.8 CONST
VAR.9 em_SO2_ME_man
TYPE.9 CONST
VAR.10 em_SO2_AE_man
TYPE.10 CONST
VAR.11 em_SO2_hotel
TYPE.11 CONST

NAME "SEI_NMVOC"
INDEX 8
SUBSTANCE 69
FORMULA x2==1?((0.8*x3/(x4*0.94)^3*(x1>x4?x4:x1)^3)*x5+x6*x7*x8)/3600:(x2==2?x9+x10:(x2==3?x11:0))
VAR.1 V
TYPE.1 TS
VAR.2 status
TYPE.2 TS
VAR.3 P_ME_inst
TYPE.3 CONST
VAR.4 Vmax
TYPE.4 CONST
VAR.5 EF_ME_NMVOC
TYPE.5 CONST
VAR.6 P_AE_inst
TYPE.6 CONST
VAR.7 AE_usage_cruise
TYPE.7 CONST
VAR.8 EF_AE_NMVOC
TYPE.8 CONST
VAR.9 em_NMVOC_ME_man
TYPE.9 CONST
VAR.10 em_NMVOC_AE_man
TYPE.10 CONST
VAR.11 em_NMVOC_hotel
TYPE.11 CONST

NAME "SEI_PAH-4"
INDEX 9
SUBSTANCE 149
FORMULA x2==1?((0.8*x3/(x4*0.94)^3*(x1>x4?x4:x1)^3)*x5+x6*x7*x8)/3600:(x2==2?x9+x10:(x2==3?x11:0))
VAR.1 V
TYPE.1 TS
VAR.2 status
TYPE.2 TS
VAR.3 P_ME_inst
TYPE.3 CONST
VAR.4 Vmax
TYPE.4 CONST
VAR.5 EF_ME_PAH
TYPE.5 CONST
VAR.6 P_AE_inst
TYPE.6 CONST
VAR.7 AE_usage_cruise
TYPE.7 CONST
VAR.8 EF_AE_PAH
TYPE.8 CONST
VAR.9 em_PAH_ME_man
TYPE.9 CONST
VAR.10 em_PAH_AE_man
TYPE.10 CONST
VAR.11 em_PAH_hotel
TYPE.11 CONST

NAME "SEI_NH3"
INDEX 10
SUBSTANCE 7
FORMULA x2==1?((0.8*x3/(x4*0.94)^3*(x1>x4?x4:x1)^3)*x5+x6*x7*x8)/3600:(x2==2?x9+x10:(x2==3?x11:0))
VAR.1 V
TYPE.1 TS
VAR.2 status
TYPE.2 TS
VAR.3 P_ME_inst
TYPE.3 CONST
VAR.4 Vmax
TYPE.4 CONST
VAR.5 EF_ME_NH3
TYPE.5 CONST
VAR.6 P_AE_inst
TYPE.6 CONST
VAR.7 AE_usage_cruise
TYPE.7 CONST
VAR.8 EF_AE_NH3
TYPE.8 CONST
VAR.9 em_NH3_ME_man
TYPE.9 CONST
VAR.10 em_NH3_AE_man
TYPE.10 CONST
VAR.11 em_NH3_hotel
TYPE.11 CONST

NAME "SEI_CH4"
INDEX 11
SUBSTANCE 81
FORMULA x2==1?((0.8*x3/(x4*0.94)^3*(x1>x4?x4:x1)^3)*x5+x6*x7*x8)/3600:(x2==2?x9+x10:(x2==3?x11:0))
VAR.1 V
TYPE.1 TS
VAR.2 status
TYPE.2 TS
VAR.3 P_ME_inst
TYPE.3 CONST
VAR.4 Vmax
TYPE.4 CONST
VAR.5 EF_ME_CH4
TYPE.5 CONST
VAR.6 P_AE_inst
TYPE.6 CONST
VAR.7 AE_usage_cruise
TYPE.7 CONST
VAR.8 EF_AE_CH4
TYPE.8 CONST
VAR.9 em_CH4_ME_man
TYPE.9 CONST
VAR.10 em_CH4_AE_man
TYPE.10 CONST
VAR.11 em_CH4_hotel
TYPE.11 CONST

NAME "SEI_N2O"
INDEX 12
SUBSTANCE 8
FORMULA x2==1?((0.8*x3/(x4*0.94)^3*(x1>x4?x4:x1)^3)*x5+x6*x7*x8)/3600:(x2==2?x9+x10:(x2==3?x11:0))
VAR.1 V
TYPE.1 TS
VAR.2 status
TYPE.2 TS
VAR.3 P_ME_inst
TYPE.3 CONST
VAR.4 Vmax
TYPE.4 CONST
VAR.5 EF_ME_N2O
TYPE.5 CONST
VAR.6 P_AE_inst
TYPE.6 CONST
VAR.7 AE_usage_cruise
TYPE.7 CONST
VAR.8 EF_AE_N2O
TYPE.8 CONST
VAR.9 em_N2O_ME_man
TYPE.9 CONST
VAR.10 em_N2O_AE_man
TYPE.10 CONST
VAR.11 em_N2O_hotel
TYPE.11 CONST

NAME "SEI_Fuel_cons"
INDEX 13
SUBSTANCE 254
FORMULA x2==1?((0.8*x3/(x4*0.94)^3*(x1>x4?x4:x1)^3)*x5+x6*x7*x8)/3600:(x2==2?(x3*x9*x5+x6*0.5*x8)/3600:(x2==3?(x6*x10*0.5*x8)/3600:0))
VAR.1 V
TYPE.1 TS
VAR.2 status
TYPE.2 TS
VAR.3 P_ME_inst
TYPE.3 CONST
VAR.4 Vmax
TYPE.4 CONST
VAR.5 SFC_ME
TYPE.5 CONST
VAR.6 P_AE_inst
TYPE.6 CONST
VAR.7 AE_usage_cruise
TYPE.7 CONST
VAR.8 SFC_AE
TYPE.8 CONST
VAR.9 ME_usage_man
TYPE.9 CONST
VAR.10 AE_usage_hotel
TYPE.10 CONST

