NAME "grp1"
INDEX 1
SUBSTANCES
	56 	1 	0 	%
	8 	2 	0 	%
	1 	2 	0 	%
	2 	2 	0 	%
	3 	1 	0 	%

