1	"NO"
2	"NO2"
3	"NOx"
4	"HNO3"
5	"HNO2"
6	"PAN"
7	"NH3"
8	"N2O"
9	"-"
10	"-"
11	"-"
12	"-"
13	"-"
14	"SOx"
15	"SO2"
16	"H2SO4"
17	"SO3 "
18	"H2S"
19	"CS2"
20	"-"
21	"-"
22	"-"
23	"-"
24	"-"
25	"CO"
26	"CO2"
27	"-"
28	"-"
29	"-"
30	"O3"
31	"HCl"
32	"H2O2"
33	"HF"
34	"-"
35	"-"
36	"-"
37	"-"
38	"-"
39	"TSP"
40	"PM10"
41	"PM2.5"
42	"Soot"
43	"PM resusp"
44	"-"
45	"Ammonium"
46	"Nitrate"
47	"Sulphate"
48	"-"
49	"-"
50	"As"
51	"Pb"
52	"Fe"
53	"Cd"
54	"Cu"
55	"Cr"
56	"Hg"
57	"Mn"
58	"Ni"
59	"V"
60	"Zn"
61	"Se"
62	"Nucleation10^13"
63	"Aitken1_10^13"
64	"Aitken2_10^13"
65	"Accumul_10^13"
66	"Total_10^13"
67	"-"
68	"-"
69	"NMVOC"
70	"VOC"
71	"-"
72	"HC exhaust"
73	"HC cold start"
74	"HC run+hot soak"
75	"HC diurnal"
76	"-"
77	"-"
78	"-"
79	"-"
80	"Alkanes"
81	"CH4"
82	"Ethane"
83	"Propane"
84	"Butane"
85	"Pentane"
86	"-"
87	"-"
88	"-"
89	"-"
90	"Alkenes"
91	"Ethene"
92	"Propene"
93	"Butene"
94	"Butadien"
95	"-"
96	"-"
97	"-"
98	"-"
99	"-"
100	"Alkynes"
101	"Acetylene"
102	"-"
103	"-"
104	"-"
105	"-"
106	"-"
107	"-"
108	"-"
109	"-"
110	"Aldehydes"
111	"Formaldehyde"
112	"Acetaldehyde"
113	"Butanal"
114	"Benzaldehyde"
115	"Akrolein"
116	"-"
117	"-"
118	"-"
119	"-"
120	"Ketones"
121	"Acetone"
122	"Etylmetylketone"
123	"-"
124	"-"
125	"Alcohols"
126	"Methanol"
127	"Ethanol"
128	"Propanol"
129	"Butanol"
130	"-"
131	"-"
132	"Phenol"
133	"Ethers"
134	"Esters"
135	"Glycols"
136	"Etheneglycol"
137	"Propeneglycol"
138	"-"
139	"-"
140	"Aromatics"
141	"Benzene"
142	"Toluene"
143	"Xylene (total)"
144	"Styrene"
145	"TDI"
146	"-"
147	"-"
148	"-"
149	"PAH-4"
150	"PAC"
151	"-"
152	"nitro-PAH"
153	"Naphthalene"
154	"Anthracene"
155	"Phenantrene"
156	"benzo(a)pyrene"
157	"-"
158	"-"
159	"-"
160	"SolventHC total"
161	"Benzine"
162	"PetroleumSpirit"
163	"Vanolene"
164	"Thinner"
165	"-"
166	"-"
167	"-"
168	"-"
169	"-"
170	"VOC nat. total"
171	"Isoprene"
172	"Terpenes"
173	"-"
174	"-"
175	"-"
176	"-"
177	"-"
178	"-"
179	"-"
180	"SolventCl total"
181	"Dichloromethane"
182	"Chloroform"
183	"CCl4"
184	"Vinyl chloride"
185	"1,2-Dichloroeth"
186	"1,1,1-Trichloro"
187	"Trichloroethene"
188	"Tetrachloroethe"
189	"-"
190	"CFC-tot"
191	"CFC-11"
192	"CFC-12"
193	"CFC-113"
194	"CFC-114"
195	"-"
196	"HFC-tot"
197	"HFC-227ea"
198	"HFC-23"
199	"HFC-32"
200	"HFC-41"
201	"HFC-43-10 mee"
202	"HFC-125"
203	"HFC-134"
204	"HFC-134a"
205	"HFC-152a"
206	"HFC-143"
207	"HFC-143a"
208	"HFC-236fa"
209	"HFC-245ca"
210	"Halons total"
211	"BCFC-1211"
212	"BFC-1301"
213	"BFC-2402"
214	"-"
215	"HBFC-22B1"
216	"-"
217	"-"
218	"-"
219	"-"
220	"DDT"
221	"Chlordane"
222	"PCB"
223	"Toxaphene"
224	"-"
225	"PCDD"
226	"PCDF"
227	"Dioxine"
228	"TCDD"
229	"Lindan"
230	"-"
231	"-"
232	"-"
233	"CF4"
234	"C2F6"
235	"C3F8"
236	"C4F10"
237	"c-C4F8"
238	"C5F12"
239	"C6F14"
240	"-"
241	"PFC-tot"
242	"-"
243	"SF6"
244	"-"
245	"-"
246	"-"
247	"-"
248	"-"
249	"-"
250	"Veh km"
251	"Human beings"
252	"-"
253	"Unspec LARM"
254	"Fuel consumption"
255	""
256	""
257	""
258	""
259	""
260	""
261	""
262	""
263	""
264	""
265	""
266	""
267	""
268	""
269	""
270	""
271	""
272	""
273	""
274	""
275	""
276	""
277	""
278	""
279	""
280	""
281	""
282	""
283	""
284	""
285	""
286	""
287	""
288	""
289	""
290	""
291	""
292	""
293	""
294	""
295	""
296	""
297	""
298	""
299	""
300	""
301	""
302	""
303	""
304	""
305	""
306	""
307	""
308	""
309	""
310	""
311	""
312	""
313	""
314	""
315	""
316	""
317	""
318	""
319	""
320	""
321	""
322	""
323	""
324	""
325	""
326	""
327	""
328	""
329	""
330	""
331	""
332	""
333	""
334	""
335	""
336	""
337	""
338	""
339	""
340	""
341	""
342	""
343	""
344	""
345	""
346	""
347	""
348	""
349	""
350	""
351	""
352	""
353	""
354	""
355	""
356	""
357	""
358	""
359	""
360	""
361	""
362	""
363	""
364	""
365	""
366	""
367	""
368	""
369	""
370	""
371	""
372	""
373	""
374	""
375	""
376	""
377	""
378	""
379	""
380	""
381	""
382	""
383	""
384	""
385	""
386	""
387	""
388	""
389	""
390	""
391	""
392	""
393	""
394	""
395	""
396	""
397	""
398	""
399	""
400	""
401	""
402	""
403	""
404	""
405	""
406	""
407	""
408	""
409	""
410	""
411	""
412	""
413	""
414	""
415	""
416	""
417	""
418	""
419	""
420	""
421	""
422	""
423	""
424	""
425	""
426	""
427	""
428	""
429	""
430	""
431	""
432	""
433	""
434	""
435	""
436	""
437	""
438	""
439	""
440	""
441	""
442	""
443	""
444	""
445	""
446	""
447	""
448	""
449	""
450	""
451	""
452	""
453	""
454	""
455	""
456	""
457	""
458	""
459	""
460	""
461	""
462	""
463	""
464	""
465	""
466	""
467	""
468	""
469	""
470	""
471	""
472	""
473	""
474	""
475	""
476	""
477	""
478	""
479	""
480	""
481	""
482	""
483	""
484	""
485	""
486	""
487	""
488	""
489	""
490	""
491	""
492	""
493	""
494	""
495	""
496	""
497	""
498	""
499	""
500	""
501	""
502	""
503	""
504	""
505	""
506	""
507	""
508	""
509	""
510	""
511	""
512	""
513	""
514	""
515	""
516	""
517	""
518	""
519	""
520	""
521	""
522	""
523	""
524	""
525	""
526	""
527	""
528	""
529	""
530	""
531	""
532	""
533	""
534	""
535	""
536	""
537	""
538	""
539	""
540	""
541	""
542	""
543	""
544	""
545	""
546	""
547	""
548	""
549	""
550	""
551	""
552	""
553	""
554	""
555	""
556	""
557	""
558	""
559	""
560	""
561	""
562	""
563	""
564	""
565	""
566	""
567	""
568	""
569	""
570	""
571	""
572	""
573	""
574	""
575	""
576	""
577	""
578	""
579	""
580	""
581	""
582	""
583	""
584	""
585	""
586	""
587	""
588	""
589	""
590	""
591	""
592	""
593	""
594	""
595	""
596	""
597	""
598	""
599	""
600	""
601	""
602	""
603	""
604	""
605	""
606	""
607	""
608	""
609	""
610	""
611	""
612	""
613	""
614	""
615	""
616	""
617	""
618	""
619	""
620	""
621	""
622	""
623	""
624	""
625	""
626	""
627	""
628	""
629	""
630	""
631	""
632	""
633	""
634	""
635	""
636	""
637	""
638	""
639	""
640	""
641	""
642	""
643	""
644	""
645	""
646	""
647	""
648	""
649	""
650	""
651	""
652	""
653	""
654	""
655	""
656	""
657	""
658	""
659	""
660	""
661	""
662	""
663	""
664	""
665	""
666	""
667	""
668	""
669	""
670	""
671	""
672	""
673	""
674	""
675	""
676	""
677	""
678	""
679	""
680	""
681	""
682	""
683	""
684	""
685	""
686	""
687	""
688	""
689	""
690	""
691	""
692	""
693	""
694	""
695	""
696	""
697	""
698	""
699	""
700	""
701	""
702	""
703	""
704	""
705	""
706	""
707	""
708	""
709	""
710	""
711	""
712	""
713	""
714	""
715	""
716	""
717	""
718	""
719	""
720	""
721	""
722	""
723	""
724	""
725	""
726	""
727	""
728	""
729	""
730	""
731	""
732	""
733	""
734	""
735	""
736	""
737	""
738	""
739	""
740	""
741	""
742	""
743	""
744	""
745	""
746	""
747	""
748	""
749	""
750	""
751	""
752	""
753	""
754	""
755	""
756	""
757	""
758	""
759	""
760	""
761	""
762	""
763	""
764	""
765	""
766	""
767	""
768	""
769	""
770	""
771	""
772	""
773	""
774	""
775	""
776	""
777	""
778	""
779	""
780	""
781	""
782	""
783	""
784	""
785	""
786	""
787	""
788	""
789	""
790	""
791	""
792	""
793	""
794	""
795	""
796	""
797	""
798	""
799	""
800	""
801	""
802	""
803	""
804	""
805	""
806	""
807	""
808	""
809	""
810	""
811	""
812	""
813	""
814	""
815	""
816	""
817	""
818	""
819	""
820	""
821	""
822	""
823	""
824	""
825	""
826	""
827	""
828	""
829	""
830	""
831	""
832	""
833	""
834	""
835	""
836	""
837	""
838	""
839	""
840	""
841	""
842	""
843	""
844	""
845	""
846	""
847	""
848	""
849	""
850	""
851	""
852	""
853	""
854	""
855	""
856	""
857	""
858	""
859	""
860	""
861	""
862	""
863	""
864	""
865	""
866	""
867	""
868	""
869	""
870	""
871	""
872	""
873	""
874	""
875	""
876	""
877	""
878	""
879	""
880	""
881	""
882	""
883	""
884	""
885	""
886	""
887	""
888	""
889	""
890	""
891	""
892	""
893	""
894	""
895	""
896	""
897	""
898	""
899	""
900	""
901	""
902	""
903	""
904	""
905	""
906	""
907	""
908	""
909	""
910	""
911	""
912	""
913	""
914	""
915	""
916	""
917	""
918	""
919	""
920	""
921	""
922	""
923	""
924	""
925	""
926	""
927	""
928	""
929	""
930	""
931	""
932	""
933	""
934	""
935	""
936	""
937	""
938	""
939	""
940	""
941	""
942	""
943	""
944	""
945	""
946	""
947	""
948	""
949	""
950	""
951	""
952	""
953	""
954	""
955	""
956	""
957	""
958	""
959	""
960	""
961	""
962	""
963	""
964	""
965	""
966	""
967	""
968	""
969	""
970	""
971	""
972	""
973	""
974	""
975	""
976	""
977	""
978	""
979	""
980	""
981	""
982	""
983	""
984	""
985	""
986	""
987	""
988	""
989	""
990	""
991	""
992	""
993	""
994	""
995	""
996	""
997	""
998	""
999	"all"
1000	""
1001	""
1002	""
1003	""
1004	""
1005	""
1006	""
1007	""
1008	""
1009	""
1010	""
1011	""
1012	""
1013	""
1014	""
1015	""
1016	""
1017	""
1018	""
1019	""
1020	""
1021	""
1022	""
1023	""
